{"id":"log_5_1758568780013","timestamp":"2025-09-22T19:19:40.013Z","level":"SUCCESS","operation":"GIT_INITIALIZED","message":"Git integration initialized via direct commands","details":{},"context":{"vaultPath":"E:\\Xerago programmes\\EDMS_DRAFT\\draft"}}
{"id":"log_7_1758568781086","timestamp":"2025-09-22T19:19:41.086Z","level":"WARN","operation":"DOCUMENT_OPENED","message":"No YAML frontmatter found in file: Welcome","details":{"file":"Welcome.md"},"context":{"vaultPath":"E:\\Xerago programmes\\EDMS_DRAFT\\draft"}}
{"id":"log_9_1758568781105","timestamp":"2025-09-22T19:19:41.105Z","level":"WARN","operation":"DOCUMENT_OPENED","message":"No YAML frontmatter found in file: time","details":{"file":"time.md"},"context":{"vaultPath":"E:\\Xerago programmes\\EDMS_DRAFT\\draft"}}
{"id":"log_11_1758568781153","timestamp":"2025-09-22T19:19:41.153Z","level":"WARN","operation":"DOCUMENT_OPENED","message":"No YAML frontmatter found in file: testing","details":{"file":"testing.md"},"context":{"vaultPath":"E:\\Xerago programmes\\EDMS_DRAFT\\draft"}}
{"id":"log_13_1758568781169","timestamp":"2025-09-22T19:19:41.169Z","level":"WARN","operation":"DOCUMENT_OPENED","message":"No YAML frontmatter found in file: test","details":{"file":"test.md"},"context":{"vaultPath":"E:\\Xerago programmes\\EDMS_DRAFT\\draft"}}
{"id":"log_15_1758568781188","timestamp":"2025-09-22T19:19:41.188Z","level":"WARN","operation":"DOCUMENT_OPENED","message":"No YAML frontmatter found in file: suhail","details":{"file":"suhail.md"},"context":{"vaultPath":"E:\\Xerago programmes\\EDMS_DRAFT\\draft"}}
{"id":"log_17_1758568781218","timestamp":"2025-09-22T19:19:41.218Z","level":"WARN","operation":"DOCUMENT_OPENED","message":"No YAML frontmatter found in file: policy","details":{"file":"policy.md"},"context":{"vaultPath":"E:\\Xerago programmes\\EDMS_DRAFT\\draft"}}
{"id":"log_19_1758568781233","timestamp":"2025-09-22T19:19:41.233Z","level":"WARN","operation":"DOCUMENT_OPENED","message":"No YAML frontmatter found in file: procedure","details":{"file":"procedure.md"},"context":{"vaultPath":"E:\\Xerago programmes\\EDMS_DRAFT\\draft"}}
{"id":"log_21_1758568781247","timestamp":"2025-09-22T19:19:41.247Z","level":"WARN","operation":"DOCUMENT_OPENED","message":"No YAML frontmatter found in file: meeting","details":{"file":"meeting.md"},"context":{"vaultPath":"E:\\Xerago programmes\\EDMS_DRAFT\\draft"}}
{"id":"log_23_1758568781258","timestamp":"2025-09-22T19:19:41.258Z","level":"WARN","operation":"DOCUMENT_OPENED","message":"No YAML frontmatter found in file: manual","details":{"file":"manual.md"},"context":{"vaultPath":"E:\\Xerago programmes\\EDMS_DRAFT\\draft"}}
{"id":"log_25_1758568781271","timestamp":"2025-09-22T19:19:41.271Z","level":"WARN","operation":"DOCUMENT_OPENED","message":"No YAML frontmatter found in file: 456","details":{"file":"456.md"},"context":{"vaultPath":"E:\\Xerago programmes\\EDMS_DRAFT\\draft"}}
{"id":"log_27_1758568781287","timestamp":"2025-09-22T19:19:41.287Z","level":"WARN","operation":"DOCUMENT_OPENED","message":"No YAML frontmatter found in file: akram","details":{"file":"akram.md"},"context":{"vaultPath":"E:\\Xerago programmes\\EDMS_DRAFT\\draft"}}
{"id":"log_29_1758568781320","timestamp":"2025-09-22T19:19:41.320Z","level":"WARN","operation":"DOCUMENT_OPENED","message":"No YAML frontmatter found in file: 123","details":{"file":"123.md"},"context":{"vaultPath":"E:\\Xerago programmes\\EDMS_DRAFT\\draft"}}
{"id":"log_30_1758568781346","timestamp":"2025-09-22T19:19:41.346Z","level":"WARN","operation":"DOCUMENT_OPENED","message":"No YAML frontmatter found in file: Welcome","details":{"file":"Welcome.md"},"context":{"vaultPath":"E:\\Xerago programmes\\EDMS_DRAFT\\draft"}}
{"id":"log_31_1758568781354","timestamp":"2025-09-22T19:19:41.354Z","level":"WARN","operation":"DOCUMENT_OPENED","message":"No YAML frontmatter found in file: time","details":{"file":"time.md"},"context":{"vaultPath":"E:\\Xerago programmes\\EDMS_DRAFT\\draft"}}
{"id":"log_32_1758568781374","timestamp":"2025-09-22T19:19:41.374Z","level":"WARN","operation":"DOCUMENT_OPENED","message":"No YAML frontmatter found in file: testing","details":{"file":"testing.md"},"context":{"vaultPath":"E:\\Xerago programmes\\EDMS_DRAFT\\draft"}}
{"id":"log_33_1758568781393","timestamp":"2025-09-22T19:19:41.393Z","level":"WARN","operation":"DOCUMENT_OPENED","message":"No YAML frontmatter found in file: test","details":{"file":"test.md"},"context":{"vaultPath":"E:\\Xerago programmes\\EDMS_DRAFT\\draft"}}
{"id":"log_34_1758568781416","timestamp":"2025-09-22T19:19:41.416Z","level":"WARN","operation":"DOCUMENT_OPENED","message":"No YAML frontmatter found in file: suhail","details":{"file":"suhail.md"},"context":{"vaultPath":"E:\\Xerago programmes\\EDMS_DRAFT\\draft"}}
{"id":"log_35_1758568781426","timestamp":"2025-09-22T19:19:41.426Z","level":"WARN","operation":"DOCUMENT_OPENED","message":"No YAML frontmatter found in file: policy","details":{"file":"policy.md"},"context":{"vaultPath":"E:\\Xerago programmes\\EDMS_DRAFT\\draft"}}
{"id":"log_36_1758568781437","timestamp":"2025-09-22T19:19:41.437Z","level":"WARN","operation":"DOCUMENT_OPENED","message":"No YAML frontmatter found in file: procedure","details":{"file":"procedure.md"},"context":{"vaultPath":"E:\\Xerago programmes\\EDMS_DRAFT\\draft"}}
{"id":"log_37_1758568781452","timestamp":"2025-09-22T19:19:41.452Z","level":"WARN","operation":"DOCUMENT_OPENED","message":"No YAML frontmatter found in file: meeting","details":{"file":"meeting.md"},"context":{"vaultPath":"E:\\Xerago programmes\\EDMS_DRAFT\\draft"}}
{"id":"log_38_1758568781465","timestamp":"2025-09-22T19:19:41.465Z","level":"WARN","operation":"DOCUMENT_OPENED","message":"No YAML frontmatter found in file: manual","details":{"file":"manual.md"},"context":{"vaultPath":"E:\\Xerago programmes\\EDMS_DRAFT\\draft"}}
{"id":"log_39_1758568781475","timestamp":"2025-09-22T19:19:41.475Z","level":"WARN","operation":"DOCUMENT_OPENED","message":"No YAML frontmatter found in file: 456","details":{"file":"456.md"},"context":{"vaultPath":"E:\\Xerago programmes\\EDMS_DRAFT\\draft"}}
{"id":"log_40_1758568781486","timestamp":"2025-09-22T19:19:41.486Z","level":"WARN","operation":"DOCUMENT_OPENED","message":"No YAML frontmatter found in file: akram","details":{"file":"akram.md"},"context":{"vaultPath":"E:\\Xerago programmes\\EDMS_DRAFT\\draft"}}
{"id":"log_41_1758568781497","timestamp":"2025-09-22T19:19:41.497Z","level":"WARN","operation":"DOCUMENT_OPENED","message":"No YAML frontmatter found in file: 123","details":{"file":"123.md"},"context":{"vaultPath":"E:\\Xerago programmes\\EDMS_DRAFT\\draft"}}
{"id":"log_42_1758568845816","timestamp":"2025-09-22T19:20:45.816Z","level":"WARN","operation":"DOCUMENT_CREATED","message":"Document creation attempted with insufficient permissions","details":{"user":"akram","role":"publisher"},"context":{"activeFile":"Welcome.md","vaultPath":"E:\\Xerago programmes\\EDMS_DRAFT\\draft"}}
{"id":"log_43_1758568854827","timestamp":"2025-09-22T19:20:54.827Z","level":"INFO","operation":"USER_LOGOUT","message":"User logged out: akram","details":{"user":"akram"},"context":{"activeFile":"Welcome.md","vaultPath":"E:\\Xerago programmes\\EDMS_DRAFT\\draft"}}
{"id":"log_44_1758568869124","timestamp":"2025-09-22T19:21:09.124Z","level":"SUCCESS","operation":"USER_LOGIN","message":"User logged in: ashi","details":{"user":"ashi","role":"author"},"context":{"activeFile":"Welcome.md","vaultPath":"E:\\Xerago programmes\\EDMS_DRAFT\\draft"}}
{"id":"log_45_1758568875493","timestamp":"2025-09-22T19:21:15.493Z","level":"WARN","operation":"DOCUMENT_OPENED","message":"No YAML frontmatter found in file: Welcome","details":{"file":"Welcome.md"},"context":{"activeFile":"Welcome.md","vaultPath":"E:\\Xerago programmes\\EDMS_DRAFT\\draft"}}
{"id":"log_46_1758568875501","timestamp":"2025-09-22T19:21:15.501Z","level":"WARN","operation":"DOCUMENT_OPENED","message":"No YAML frontmatter found in file: time","details":{"file":"time.md"},"context":{"activeFile":"Welcome.md","vaultPath":"E:\\Xerago programmes\\EDMS_DRAFT\\draft"}}
{"id":"log_47_1758568875513","timestamp":"2025-09-22T19:21:15.513Z","level":"WARN","operation":"DOCUMENT_OPENED","message":"No YAML frontmatter found in file: testing","details":{"file":"testing.md"},"context":{"activeFile":"Welcome.md","vaultPath":"E:\\Xerago programmes\\EDMS_DRAFT\\draft"}}
{"id":"log_48_1758568875518","timestamp":"2025-09-22T19:21:15.518Z","level":"WARN","operation":"DOCUMENT_OPENED","message":"No YAML frontmatter found in file: test","details":{"file":"test.md"},"context":{"activeFile":"Welcome.md","vaultPath":"E:\\Xerago programmes\\EDMS_DRAFT\\draft"}}
{"id":"log_49_1758568875530","timestamp":"2025-09-22T19:21:15.530Z","level":"WARN","operation":"DOCUMENT_OPENED","message":"No YAML frontmatter found in file: suhail","details":{"file":"suhail.md"},"context":{"activeFile":"Welcome.md","vaultPath":"E:\\Xerago programmes\\EDMS_DRAFT\\draft"}}
{"id":"log_50_1758568875543","timestamp":"2025-09-22T19:21:15.543Z","level":"WARN","operation":"DOCUMENT_OPENED","message":"No YAML frontmatter found in file: policy","details":{"file":"policy.md"},"context":{"activeFile":"Welcome.md","vaultPath":"E:\\Xerago programmes\\EDMS_DRAFT\\draft"}}
{"id":"log_51_1758568875550","timestamp":"2025-09-22T19:21:15.550Z","level":"WARN","operation":"DOCUMENT_OPENED","message":"No YAML frontmatter found in file: procedure","details":{"file":"procedure.md"},"context":{"activeFile":"Welcome.md","vaultPath":"E:\\Xerago programmes\\EDMS_DRAFT\\draft"}}
{"id":"log_52_1758568875559","timestamp":"2025-09-22T19:21:15.559Z","level":"WARN","operation":"DOCUMENT_OPENED","message":"No YAML frontmatter found in file: meeting","details":{"file":"meeting.md"},"context":{"activeFile":"Welcome.md","vaultPath":"E:\\Xerago programmes\\EDMS_DRAFT\\draft"}}
{"id":"log_53_1758568875566","timestamp":"2025-09-22T19:21:15.566Z","level":"WARN","operation":"DOCUMENT_OPENED","message":"No YAML frontmatter found in file: manual","details":{"file":"manual.md"},"context":{"activeFile":"Welcome.md","vaultPath":"E:\\Xerago programmes\\EDMS_DRAFT\\draft"}}
{"id":"log_54_1758568875578","timestamp":"2025-09-22T19:21:15.578Z","level":"WARN","operation":"DOCUMENT_OPENED","message":"No YAML frontmatter found in file: 456","details":{"file":"456.md"},"context":{"activeFile":"Welcome.md","vaultPath":"E:\\Xerago programmes\\EDMS_DRAFT\\draft"}}
{"id":"log_55_1758568875589","timestamp":"2025-09-22T19:21:15.589Z","level":"WARN","operation":"DOCUMENT_OPENED","message":"No YAML frontmatter found in file: akram","details":{"file":"akram.md"},"context":{"activeFile":"Welcome.md","vaultPath":"E:\\Xerago programmes\\EDMS_DRAFT\\draft"}}
{"id":"log_56_1758568875597","timestamp":"2025-09-22T19:21:15.597Z","level":"WARN","operation":"DOCUMENT_OPENED","message":"No YAML frontmatter found in file: 123","details":{"file":"123.md"},"context":{"activeFile":"Welcome.md","vaultPath":"E:\\Xerago programmes\\EDMS_DRAFT\\draft"}}
{"id":"log_63_1758568919596","timestamp":"2025-09-22T19:21:59.596Z","level":"INFO","operation":"BRANCH_SWITCHED","message":"Successfully stashed uncommitted changes","details":{},"context":{"activeFile":"Policies/Policy-1758568893575.md","vaultPath":"E:\\Xerago programmes\\EDMS_DRAFT\\draft"}}
{"id":"log_65_1758568919691","timestamp":"2025-09-22T19:21:59.691Z","level":"ERROR","operation":"GIT_ERROR","message":"Failed to switch branch","details":{"branchName":"draft/author/policy-1758568893575","error":"Command failed: git checkout draft/author/policy-1758568893575\nerror: pathspec 'draft/author/policy-1758568893575' did not match any file(s) known to git\n"},"context":{"activeFile":"Policies/Policy-1758568893575.md","vaultPath":"E:\\Xerago programmes\\EDMS_DRAFT\\draft"}}
{"id":"log_23_1758569509955","timestamp":"2025-09-22T19:31:49.955Z","level":"INFO","operation":"WORKFLOW_STATE_CHANGED","message":"Document sent for review: Policy-1758568893575","details":{"file":"Policies/Policy-1758568893575.md","newState":"review","user":"ashi"},"context":{"vaultPath":"E:\\Xerago programmes\\EDMS_DRAFT\\draft"}}
{"id":"log_24_1758569523747","timestamp":"2025-09-22T19:32:03.747Z","level":"WARN","operation":"DOCUMENT_OPENED","message":"No YAML frontmatter found in file: time","details":{"file":"time.md"},"context":{"activeFile":"Policies/Policy-1758568893575.md","vaultPath":"E:\\Xerago programmes\\EDMS_DRAFT\\draft"}}
{"id":"log_25_1758569523760","timestamp":"2025-09-22T19:32:03.760Z","level":"WARN","operation":"DOCUMENT_OPENED","message":"No YAML frontmatter found in file: testing","details":{"file":"testing.md"},"context":{"activeFile":"Policies/Policy-1758568893575.md","vaultPath":"E:\\Xerago programmes\\EDMS_DRAFT\\draft"}}
{"id":"log_26_1758569523774","timestamp":"2025-09-22T19:32:03.774Z","level":"WARN","operation":"DOCUMENT_OPENED","message":"No YAML frontmatter found in file: test","details":{"file":"test.md"},"context":{"activeFile":"Policies/Policy-1758568893575.md","vaultPath":"E:\\Xerago programmes\\EDMS_DRAFT\\draft"}}
{"id":"log_27_1758569523781","timestamp":"2025-09-22T19:32:03.781Z","level":"WARN","operation":"DOCUMENT_OPENED","message":"No YAML frontmatter found in file: suhail","details":{"file":"suhail.md"},"context":{"activeFile":"Policies/Policy-1758568893575.md","vaultPath":"E:\\Xerago programmes\\EDMS_DRAFT\\draft"}}
{"id":"log_28_1758569523793","timestamp":"2025-09-22T19:32:03.793Z","level":"WARN","operation":"DOCUMENT_OPENED","message":"No YAML frontmatter found in file: procedure","details":{"file":"procedure.md"},"context":{"activeFile":"Policies/Policy-1758568893575.md","vaultPath":"E:\\Xerago programmes\\EDMS_DRAFT\\draft"}}
{"id":"log_29_1758569523805","timestamp":"2025-09-22T19:32:03.805Z","level":"WARN","operation":"DOCUMENT_OPENED","message":"No YAML frontmatter found in file: policy","details":{"file":"policy.md"},"context":{"activeFile":"Policies/Policy-1758568893575.md","vaultPath":"E:\\Xerago programmes\\EDMS_DRAFT\\draft"}}
{"id":"log_30_1758569523813","timestamp":"2025-09-22T19:32:03.813Z","level":"WARN","operation":"DOCUMENT_OPENED","message":"No YAML frontmatter found in file: meeting","details":{"file":"meeting.md"},"context":{"activeFile":"Policies/Policy-1758568893575.md","vaultPath":"E:\\Xerago programmes\\EDMS_DRAFT\\draft"}}
{"id":"log_31_1758569523824","timestamp":"2025-09-22T19:32:03.824Z","level":"WARN","operation":"DOCUMENT_OPENED","message":"No YAML frontmatter found in file: manual","details":{"file":"manual.md"},"context":{"activeFile":"Policies/Policy-1758568893575.md","vaultPath":"E:\\Xerago programmes\\EDMS_DRAFT\\draft"}}
{"id":"log_32_1758569523836","timestamp":"2025-09-22T19:32:03.836Z","level":"WARN","operation":"DOCUMENT_OPENED","message":"No YAML frontmatter found in file: akram","details":{"file":"akram.md"},"context":{"activeFile":"Policies/Policy-1758568893575.md","vaultPath":"E:\\Xerago programmes\\EDMS_DRAFT\\draft"}}
{"id":"log_33_1758569523844","timestamp":"2025-09-22T19:32:03.844Z","level":"INFO","operation":"DOCUMENT_OPENED","message":"Successfully parsed workflow for file: Policy-1758568893575","details":{"file":"Policies/Policy-1758568893575.md","state":"draft","createdBy":"ashi"},"context":{"activeFile":"Policies/Policy-1758568893575.md","vaultPath":"E:\\Xerago programmes\\EDMS_DRAFT\\draft"}}
{"id":"log_34_1758569523857","timestamp":"2025-09-22T19:32:03.857Z","level":"WARN","operation":"DOCUMENT_OPENED","message":"No YAML frontmatter found in file: 456","details":{"file":"456.md"},"context":{"activeFile":"Policies/Policy-1758568893575.md","vaultPath":"E:\\Xerago programmes\\EDMS_DRAFT\\draft"}}
{"id":"log_35_1758569523869","timestamp":"2025-09-22T19:32:03.869Z","level":"WARN","operation":"DOCUMENT_OPENED","message":"No YAML frontmatter found in file: 123","details":{"file":"123.md"},"context":{"activeFile":"Policies/Policy-1758568893575.md","vaultPath":"E:\\Xerago programmes\\EDMS_DRAFT\\draft"}}
{"id":"log_36_1758569523878","timestamp":"2025-09-22T19:32:03.878Z","level":"WARN","operation":"DOCUMENT_OPENED","message":"No YAML frontmatter found in file: Welcome","details":{"file":"Welcome.md"},"context":{"activeFile":"Policies/Policy-1758568893575.md","vaultPath":"E:\\Xerago programmes\\EDMS_DRAFT\\draft"}}
{"id":"log_37_1758569536621","timestamp":"2025-09-22T19:32:16.621Z","level":"INFO","operation":"USER_LOGOUT","message":"User logged out: ashi","details":{"user":"ashi"},"context":{"activeFile":"Policies/Policy-1758568893575.md","vaultPath":"E:\\Xerago programmes\\EDMS_DRAFT\\draft"}}
{"id":"log_38_1758569547649","timestamp":"2025-09-22T19:32:27.649Z","level":"SUCCESS","operation":"USER_LOGIN","message":"User logged in: suhail","details":{"user":"suhail","role":"reviewer"},"context":{"activeFile":"Policies/Policy-1758568893575.md","vaultPath":"E:\\Xerago programmes\\EDMS_DRAFT\\draft"}}
{"id":"log_39_1758569571563","timestamp":"2025-09-22T19:32:51.563Z","level":"WARN","operation":"DOCUMENT_OPENED","message":"No YAML frontmatter found in file: time","details":{"file":"time.md"},"context":{"vaultPath":"E:\\Xerago programmes\\EDMS_DRAFT\\draft"}}
{"id":"log_40_1758569571571","timestamp":"2025-09-22T19:32:51.571Z","level":"WARN","operation":"DOCUMENT_OPENED","message":"No YAML frontmatter found in file: testing","details":{"file":"testing.md"},"context":{"vaultPath":"E:\\Xerago programmes\\EDMS_DRAFT\\draft"}}
{"id":"log_41_1758569571580","timestamp":"2025-09-22T19:32:51.580Z","level":"WARN","operation":"DOCUMENT_OPENED","message":"No YAML frontmatter found in file: test","details":{"file":"test.md"},"context":{"vaultPath":"E:\\Xerago programmes\\EDMS_DRAFT\\draft"}}
{"id":"log_42_1758569571588","timestamp":"2025-09-22T19:32:51.588Z","level":"WARN","operation":"DOCUMENT_OPENED","message":"No YAML frontmatter found in file: suhail","details":{"file":"suhail.md"},"context":{"vaultPath":"E:\\Xerago programmes\\EDMS_DRAFT\\draft"}}
{"id":"log_43_1758569571594","timestamp":"2025-09-22T19:32:51.594Z","level":"WARN","operation":"DOCUMENT_OPENED","message":"No YAML frontmatter found in file: procedure","details":{"file":"procedure.md"},"context":{"vaultPath":"E:\\Xerago programmes\\EDMS_DRAFT\\draft"}}
{"id":"log_44_1758569571599","timestamp":"2025-09-22T19:32:51.599Z","level":"WARN","operation":"DOCUMENT_OPENED","message":"No YAML frontmatter found in file: policy","details":{"file":"policy.md"},"context":{"vaultPath":"E:\\Xerago programmes\\EDMS_DRAFT\\draft"}}
{"id":"log_45_1758569571604","timestamp":"2025-09-22T19:32:51.604Z","level":"WARN","operation":"DOCUMENT_OPENED","message":"No YAML frontmatter found in file: meeting","details":{"file":"meeting.md"},"context":{"vaultPath":"E:\\Xerago programmes\\EDMS_DRAFT\\draft"}}
{"id":"log_46_1758569571609","timestamp":"2025-09-22T19:32:51.609Z","level":"WARN","operation":"DOCUMENT_OPENED","message":"No YAML frontmatter found in file: manual","details":{"file":"manual.md"},"context":{"vaultPath":"E:\\Xerago programmes\\EDMS_DRAFT\\draft"}}
{"id":"log_47_1758569571616","timestamp":"2025-09-22T19:32:51.616Z","level":"WARN","operation":"DOCUMENT_OPENED","message":"No YAML frontmatter found in file: akram","details":{"file":"akram.md"},"context":{"vaultPath":"E:\\Xerago programmes\\EDMS_DRAFT\\draft"}}
{"id":"log_48_1758569571622","timestamp":"2025-09-22T19:32:51.622Z","level":"INFO","operation":"DOCUMENT_OPENED","message":"Successfully parsed workflow for file: Policy-1758568893575","details":{"file":"Policies/Policy-1758568893575.md","state":"draft","createdBy":"ashi"},"context":{"vaultPath":"E:\\Xerago programmes\\EDMS_DRAFT\\draft"}}
{"id":"log_49_1758569571627","timestamp":"2025-09-22T19:32:51.627Z","level":"WARN","operation":"DOCUMENT_OPENED","message":"No YAML frontmatter found in file: 456","details":{"file":"456.md"},"context":{"vaultPath":"E:\\Xerago programmes\\EDMS_DRAFT\\draft"}}
{"id":"log_50_1758569571632","timestamp":"2025-09-22T19:32:51.632Z","level":"WARN","operation":"DOCUMENT_OPENED","message":"No YAML frontmatter found in file: 123","details":{"file":"123.md"},"context":{"vaultPath":"E:\\Xerago programmes\\EDMS_DRAFT\\draft"}}
{"id":"log_51_1758569571637","timestamp":"2025-09-22T19:32:51.637Z","level":"WARN","operation":"DOCUMENT_OPENED","message":"No YAML frontmatter found in file: Welcome","details":{"file":"Welcome.md"},"context":{"vaultPath":"E:\\Xerago programmes\\EDMS_DRAFT\\draft"}}
{"id":"log_52_1758569603842","timestamp":"2025-09-22T19:33:23.842Z","level":"INFO","operation":"DOCUMENT_OPENED","message":"Successfully parsed workflow for file: Policy-1758568893575","details":{"file":"Policies/Policy-1758568893575.md","state":"draft","createdBy":"ashi"},"context":{"activeFile":"Policies/Policy-1758568893575.md","vaultPath":"E:\\Xerago programmes\\EDMS_DRAFT\\draft"}}
