{"id":"log_53_1759122807037","timestamp":"2025-09-29T05:13:27.037Z","level":"WARN","operation":"DOCUMENT_OPENED","message":"No YAML frontmatter found in file: time","details":{"file":"time.md"},"context":{"activeFile":"akram.md","vaultPath":"E:\\Xerago programmes\\EDMS_DRAFT\\draft"}}
{"id":"log_54_1759122807069","timestamp":"2025-09-29T05:13:27.069Z","level":"WARN","operation":"DOCUMENT_OPENED","message":"No YAML frontmatter found in file: testing","details":{"file":"testing.md"},"context":{"activeFile":"akram.md","vaultPath":"E:\\Xerago programmes\\EDMS_DRAFT\\draft"}}
{"id":"log_55_1759122807083","timestamp":"2025-09-29T05:13:27.083Z","level":"WARN","operation":"DOCUMENT_OPENED","message":"No YAML frontmatter found in file: test","details":{"file":"test.md"},"context":{"activeFile":"akram.md","vaultPath":"E:\\Xerago programmes\\EDMS_DRAFT\\draft"}}
{"id":"log_56_1759122807103","timestamp":"2025-09-29T05:13:27.103Z","level":"WARN","operation":"DOCUMENT_OPENED","message":"No YAML frontmatter found in file: suhail","details":{"file":"suhail.md"},"context":{"activeFile":"akram.md","vaultPath":"E:\\Xerago programmes\\EDMS_DRAFT\\draft"}}
{"id":"log_57_1759122807114","timestamp":"2025-09-29T05:13:27.114Z","level":"WARN","operation":"DOCUMENT_OPENED","message":"No YAML frontmatter found in file: procedure","details":{"file":"procedure.md"},"context":{"activeFile":"akram.md","vaultPath":"E:\\Xerago programmes\\EDMS_DRAFT\\draft"}}
{"id":"log_58_1759122807126","timestamp":"2025-09-29T05:13:27.126Z","level":"WARN","operation":"DOCUMENT_OPENED","message":"No YAML frontmatter found in file: policy","details":{"file":"policy.md"},"context":{"activeFile":"akram.md","vaultPath":"E:\\Xerago programmes\\EDMS_DRAFT\\draft"}}
{"id":"log_59_1759122807135","timestamp":"2025-09-29T05:13:27.135Z","level":"WARN","operation":"DOCUMENT_OPENED","message":"No YAML frontmatter found in file: meeting","details":{"file":"meeting.md"},"context":{"activeFile":"akram.md","vaultPath":"E:\\Xerago programmes\\EDMS_DRAFT\\draft"}}
{"id":"log_60_1759122807148","timestamp":"2025-09-29T05:13:27.148Z","level":"WARN","operation":"DOCUMENT_OPENED","message":"No YAML frontmatter found in file: manual","details":{"file":"manual.md"},"context":{"activeFile":"akram.md","vaultPath":"E:\\Xerago programmes\\EDMS_DRAFT\\draft"}}
{"id":"log_61_1759122807163","timestamp":"2025-09-29T05:13:27.163Z","level":"WARN","operation":"DOCUMENT_OPENED","message":"No YAML frontmatter found in file: akram","details":{"file":"akram.md"},"context":{"activeFile":"akram.md","vaultPath":"E:\\Xerago programmes\\EDMS_DRAFT\\draft"}}
{"id":"log_62_1759122807172","timestamp":"2025-09-29T05:13:27.172Z","level":"INFO","operation":"DOCUMENT_OPENED","message":"Successfully parsed workflow for file: Policy-1758568893575","details":{"file":"Policies/Policy-1758568893575.md","state":"draft","createdBy":"ashi"},"context":{"activeFile":"akram.md","vaultPath":"E:\\Xerago programmes\\EDMS_DRAFT\\draft"}}
{"id":"log_63_1759122807182","timestamp":"2025-09-29T05:13:27.182Z","level":"WARN","operation":"DOCUMENT_OPENED","message":"No YAML frontmatter found in file: 456","details":{"file":"456.md"},"context":{"activeFile":"akram.md","vaultPath":"E:\\Xerago programmes\\EDMS_DRAFT\\draft"}}
{"id":"log_64_1759122807193","timestamp":"2025-09-29T05:13:27.193Z","level":"WARN","operation":"DOCUMENT_OPENED","message":"No YAML frontmatter found in file: 123","details":{"file":"123.md"},"context":{"activeFile":"akram.md","vaultPath":"E:\\Xerago programmes\\EDMS_DRAFT\\draft"}}
{"id":"log_65_1759122807201","timestamp":"2025-09-29T05:13:27.201Z","level":"WARN","operation":"DOCUMENT_OPENED","message":"No YAML frontmatter found in file: Welcome","details":{"file":"Welcome.md"},"context":{"activeFile":"akram.md","vaultPath":"E:\\Xerago programmes\\EDMS_DRAFT\\draft"}}
{"id":"log_66_1759122825112","timestamp":"2025-09-29T05:13:45.112Z","level":"INFO","operation":"USER_LOGOUT","message":"User logged out: suhail","details":{"user":"suhail"},"context":{"activeFile":"akram.md","vaultPath":"E:\\Xerago programmes\\EDMS_DRAFT\\draft"}}
{"id":"log_67_1759122867629","timestamp":"2025-09-29T05:14:27.629Z","level":"SUCCESS","operation":"USER_LOGIN","message":"User logged in: shanu","details":{"user":"shanu","role":"author"},"context":{"activeFile":"akram.md","vaultPath":"E:\\Xerago programmes\\EDMS_DRAFT\\draft"}}
{"id":"log_68_1759122875103","timestamp":"2025-09-29T05:14:35.103Z","level":"WARN","operation":"DOCUMENT_OPENED","message":"No YAML frontmatter found in file: time","details":{"file":"time.md"},"context":{"vaultPath":"E:\\Xerago programmes\\EDMS_DRAFT\\draft"}}
{"id":"log_69_1759122875114","timestamp":"2025-09-29T05:14:35.114Z","level":"WARN","operation":"DOCUMENT_OPENED","message":"No YAML frontmatter found in file: testing","details":{"file":"testing.md"},"context":{"vaultPath":"E:\\Xerago programmes\\EDMS_DRAFT\\draft"}}
{"id":"log_70_1759122875123","timestamp":"2025-09-29T05:14:35.123Z","level":"WARN","operation":"DOCUMENT_OPENED","message":"No YAML frontmatter found in file: test","details":{"file":"test.md"},"context":{"vaultPath":"E:\\Xerago programmes\\EDMS_DRAFT\\draft"}}
{"id":"log_71_1759122875134","timestamp":"2025-09-29T05:14:35.134Z","level":"WARN","operation":"DOCUMENT_OPENED","message":"No YAML frontmatter found in file: suhail","details":{"file":"suhail.md"},"context":{"vaultPath":"E:\\Xerago programmes\\EDMS_DRAFT\\draft"}}
{"id":"log_72_1759122875143","timestamp":"2025-09-29T05:14:35.143Z","level":"WARN","operation":"DOCUMENT_OPENED","message":"No YAML frontmatter found in file: procedure","details":{"file":"procedure.md"},"context":{"vaultPath":"E:\\Xerago programmes\\EDMS_DRAFT\\draft"}}
{"id":"log_73_1759122875159","timestamp":"2025-09-29T05:14:35.159Z","level":"WARN","operation":"DOCUMENT_OPENED","message":"No YAML frontmatter found in file: policy","details":{"file":"policy.md"},"context":{"vaultPath":"E:\\Xerago programmes\\EDMS_DRAFT\\draft"}}
{"id":"log_74_1759122875172","timestamp":"2025-09-29T05:14:35.172Z","level":"WARN","operation":"DOCUMENT_OPENED","message":"No YAML frontmatter found in file: meeting","details":{"file":"meeting.md"},"context":{"vaultPath":"E:\\Xerago programmes\\EDMS_DRAFT\\draft"}}
{"id":"log_75_1759122875183","timestamp":"2025-09-29T05:14:35.183Z","level":"WARN","operation":"DOCUMENT_OPENED","message":"No YAML frontmatter found in file: manual","details":{"file":"manual.md"},"context":{"vaultPath":"E:\\Xerago programmes\\EDMS_DRAFT\\draft"}}
{"id":"log_76_1759122875195","timestamp":"2025-09-29T05:14:35.195Z","level":"WARN","operation":"DOCUMENT_OPENED","message":"No YAML frontmatter found in file: akram","details":{"file":"akram.md"},"context":{"vaultPath":"E:\\Xerago programmes\\EDMS_DRAFT\\draft"}}
{"id":"log_77_1759122875205","timestamp":"2025-09-29T05:14:35.205Z","level":"INFO","operation":"DOCUMENT_OPENED","message":"Successfully parsed workflow for file: Policy-1758568893575","details":{"file":"Policies/Policy-1758568893575.md","state":"draft","createdBy":"ashi"},"context":{"vaultPath":"E:\\Xerago programmes\\EDMS_DRAFT\\draft"}}
{"id":"log_78_1759122875215","timestamp":"2025-09-29T05:14:35.215Z","level":"WARN","operation":"DOCUMENT_OPENED","message":"No YAML frontmatter found in file: 456","details":{"file":"456.md"},"context":{"vaultPath":"E:\\Xerago programmes\\EDMS_DRAFT\\draft"}}
{"id":"log_79_1759122875225","timestamp":"2025-09-29T05:14:35.225Z","level":"WARN","operation":"DOCUMENT_OPENED","message":"No YAML frontmatter found in file: 123","details":{"file":"123.md"},"context":{"vaultPath":"E:\\Xerago programmes\\EDMS_DRAFT\\draft"}}
{"id":"log_80_1759122875234","timestamp":"2025-09-29T05:14:35.234Z","level":"WARN","operation":"DOCUMENT_OPENED","message":"No YAML frontmatter found in file: Welcome","details":{"file":"Welcome.md"},"context":{"vaultPath":"E:\\Xerago programmes\\EDMS_DRAFT\\draft"}}
{"id":"log_81_1759122900419","timestamp":"2025-09-29T05:15:00.419Z","level":"WARN","operation":"DOCUMENT_OPENED","message":"No YAML frontmatter found in file: time","details":{"file":"time.md"},"context":{"activeFile":"akram.md","vaultPath":"E:\\Xerago programmes\\EDMS_DRAFT\\draft"}}
{"id":"log_82_1759122900437","timestamp":"2025-09-29T05:15:00.437Z","level":"WARN","operation":"DOCUMENT_OPENED","message":"No YAML frontmatter found in file: testing","details":{"file":"testing.md"},"context":{"activeFile":"akram.md","vaultPath":"E:\\Xerago programmes\\EDMS_DRAFT\\draft"}}
{"id":"log_83_1759122900445","timestamp":"2025-09-29T05:15:00.445Z","level":"WARN","operation":"DOCUMENT_OPENED","message":"No YAML frontmatter found in file: test","details":{"file":"test.md"},"context":{"activeFile":"akram.md","vaultPath":"E:\\Xerago programmes\\EDMS_DRAFT\\draft"}}
{"id":"log_84_1759122900458","timestamp":"2025-09-29T05:15:00.458Z","level":"WARN","operation":"DOCUMENT_OPENED","message":"No YAML frontmatter found in file: suhail","details":{"file":"suhail.md"},"context":{"activeFile":"akram.md","vaultPath":"E:\\Xerago programmes\\EDMS_DRAFT\\draft"}}
{"id":"log_85_1759122900472","timestamp":"2025-09-29T05:15:00.473Z","level":"WARN","operation":"DOCUMENT_OPENED","message":"No YAML frontmatter found in file: procedure","details":{"file":"procedure.md"},"context":{"activeFile":"akram.md","vaultPath":"E:\\Xerago programmes\\EDMS_DRAFT\\draft"}}
{"id":"log_86_1759122900479","timestamp":"2025-09-29T05:15:00.479Z","level":"WARN","operation":"DOCUMENT_OPENED","message":"No YAML frontmatter found in file: policy","details":{"file":"policy.md"},"context":{"activeFile":"akram.md","vaultPath":"E:\\Xerago programmes\\EDMS_DRAFT\\draft"}}
{"id":"log_87_1759122900489","timestamp":"2025-09-29T05:15:00.489Z","level":"WARN","operation":"DOCUMENT_OPENED","message":"No YAML frontmatter found in file: meeting","details":{"file":"meeting.md"},"context":{"activeFile":"akram.md","vaultPath":"E:\\Xerago programmes\\EDMS_DRAFT\\draft"}}
{"id":"log_88_1759122900501","timestamp":"2025-09-29T05:15:00.501Z","level":"WARN","operation":"DOCUMENT_OPENED","message":"No YAML frontmatter found in file: manual","details":{"file":"manual.md"},"context":{"activeFile":"akram.md","vaultPath":"E:\\Xerago programmes\\EDMS_DRAFT\\draft"}}
{"id":"log_89_1759122900509","timestamp":"2025-09-29T05:15:00.509Z","level":"WARN","operation":"DOCUMENT_OPENED","message":"No YAML frontmatter found in file: akram","details":{"file":"akram.md"},"context":{"activeFile":"akram.md","vaultPath":"E:\\Xerago programmes\\EDMS_DRAFT\\draft"}}
{"id":"log_90_1759122900519","timestamp":"2025-09-29T05:15:00.519Z","level":"INFO","operation":"DOCUMENT_OPENED","message":"Successfully parsed workflow for file: Policy-1758568893575","details":{"file":"Policies/Policy-1758568893575.md","state":"draft","createdBy":"ashi"},"context":{"activeFile":"akram.md","vaultPath":"E:\\Xerago programmes\\EDMS_DRAFT\\draft"}}
{"id":"log_91_1759122900524","timestamp":"2025-09-29T05:15:00.524Z","level":"WARN","operation":"DOCUMENT_OPENED","message":"No YAML frontmatter found in file: 456","details":{"file":"456.md"},"context":{"activeFile":"akram.md","vaultPath":"E:\\Xerago programmes\\EDMS_DRAFT\\draft"}}
{"id":"log_92_1759122900533","timestamp":"2025-09-29T05:15:00.533Z","level":"WARN","operation":"DOCUMENT_OPENED","message":"No YAML frontmatter found in file: 123","details":{"file":"123.md"},"context":{"activeFile":"akram.md","vaultPath":"E:\\Xerago programmes\\EDMS_DRAFT\\draft"}}
{"id":"log_93_1759122900539","timestamp":"2025-09-29T05:15:00.539Z","level":"WARN","operation":"DOCUMENT_OPENED","message":"No YAML frontmatter found in file: Welcome","details":{"file":"Welcome.md"},"context":{"activeFile":"akram.md","vaultPath":"E:\\Xerago programmes\\EDMS_DRAFT\\draft"}}
{"id":"log_94_1759122911872","timestamp":"2025-09-29T05:15:11.872Z","level":"WARN","operation":"DOCUMENT_OPENED","message":"No YAML frontmatter found in file: akram","details":{"file":"akram.md"},"context":{"activeFile":"akram.md","vaultPath":"E:\\Xerago programmes\\EDMS_DRAFT\\draft"}}
{"id":"log_95_1759124320552","timestamp":"2025-09-29T05:38:40.552Z","level":"WARN","operation":"DOCUMENT_OPENED","message":"No YAML frontmatter found in file: akram","details":{"file":"akram.md"},"context":{"activeFile":"akram.md","vaultPath":"E:\\Xerago programmes\\EDMS_DRAFT\\draft"}}
{"id":"log_96_1759124335388","timestamp":"2025-09-29T05:38:55.388Z","level":"INFO","operation":"DOCUMENT_CREATED","message":"Starting document creation: Workflow-Document-1759124335388.md","details":{"user":"shanu","role":"author"},"context":{"activeFile":"akram.md","vaultPath":"E:\\Xerago programmes\\EDMS_DRAFT\\draft"}}
